// Vitest Snapshot v1, https://vitest.dev/guide/snapshot.html

exports[`deep merge with overlaps 1`] = `
{
  "accounts": {
    "github": "unknown",
    "twitter": "new-value",
  },
  "lang": [
    "js",
    "ts",
    "vue",
  ],
  "name": "sambuxc",
}
`;
